COMMAND ./heat_serial --n 512 --steps 2000
RESULT,mode=serial,N=512,steps=2000,elapsed_ms=16263.349,throughput_Gpt_s=0.031986,max_delta=1.210403e-02,converged=0
COMMAND ./heat_serial --n 1024 --steps 2000
RESULT,mode=serial,N=1024,steps=2000,elapsed_ms=36411.615,throughput_Gpt_s=0.057371,max_delta=1.210403e-02,converged=0
COMMAND ./heat_serial --n 2048 --steps 2000
RESULT,mode=serial,N=2048,steps=2000,elapsed_ms=82586.720,throughput_Gpt_s=0.101375,max_delta=1.210403e-02,converged=0
COMMAND ./heat_cuda --n 1024 --steps 2000 --block-x 8 --block-y 8
RESULT,mode=cuda_naive,N=1024,steps=2000,elapsed_ms=239.536,throughput_Gpt_s=8.720890,max_delta=1.210403e-02,converged=0,block=8x8
COMMAND ./heat_cuda --n 1024 --steps 2000 --block-x 16 --block-y 16
RESULT,mode=cuda_naive,N=1024,steps=2000,elapsed_ms=156.582,throughput_Gpt_s=13.341076,max_delta=1.210403e-02,converged=0,block=16x16
COMMAND ./heat_cuda --n 1024 --steps 2000 --block-x 32 --block-y 32
RESULT,mode=cuda_naive,N=1024,steps=2000,elapsed_ms=191.906,throughput_Gpt_s=10.885361,max_delta=1.210403e-02,converged=0,block=32x32
COMMAND ./heat_cuda_tile --n 1024 --steps 2000 --tile-x 8 --tile-y 8
RESULT,mode=cuda_shared,N=1024,steps=2000,elapsed_ms=794.778,throughput_Gpt_s=2.628368,max_delta=1.210403e-02,converged=0,tile=8x8,stencil_shared_kb=0.391
COMMAND ./heat_cuda_tile --n 1024 --steps 2000 --tile-x 16 --tile-y 16
RESULT,mode=cuda_shared,N=1024,steps=2000,elapsed_ms=422.890,throughput_Gpt_s=4.939744,max_delta=1.210403e-02,converged=0,tile=16x16,stencil_shared_kb=1.266
COMMAND ./heat_cuda_tile --n 1024 --steps 2000 --tile-x 32 --tile-y 32
RESULT,mode=cuda_shared,N=1024,steps=2000,elapsed_ms=471.476,throughput_Gpt_s=4.430697,max_delta=1.210403e-02,converged=0,tile=32x32,stencil_shared_kb=4.516
COMMAND ./heat_cuda --n 256 --steps 2000 --block-x 8 --block-y 8
RESULT,mode=cuda_naive,N=256,steps=2000,elapsed_ms=22.447,throughput_Gpt_s=5.748396,max_delta=1.210022e-02,converged=0,block=8x8
COMMAND ./heat_cuda_tile --n 256 --steps 2000 --tile-x 16 --tile-y 16
RESULT,mode=cuda_shared,N=256,steps=2000,elapsed_ms=38.135,throughput_Gpt_s=3.383555,max_delta=1.210022e-02,converged=0,tile=16x16,stencil_shared_kb=1.266
COMMAND ./heat_cuda --n 512 --steps 2000 --block-x 8 --block-y 8
RESULT,mode=cuda_naive,N=512,steps=2000,elapsed_ms=69.495,throughput_Gpt_s=7.485455,max_delta=1.210403e-02,converged=0,block=8x8
COMMAND ./heat_cuda_tile --n 512 --steps 2000 --tile-x 16 --tile-y 16
RESULT,mode=cuda_shared,N=512,steps=2000,elapsed_ms=116.708,throughput_Gpt_s=4.457271,max_delta=1.210403e-02,converged=0,tile=16x16,stencil_shared_kb=1.266
COMMAND ./heat_cuda --n 1024 --steps 2000 --block-x 8 --block-y 8
RESULT,mode=cuda_naive,N=1024,steps=2000,elapsed_ms=239.063,throughput_Gpt_s=8.738136,max_delta=1.210403e-02,converged=0,block=8x8
COMMAND ./heat_cuda_tile --n 1024 --steps 2000 --tile-x 16 --tile-y 16
RESULT,mode=cuda_shared,N=1024,steps=2000,elapsed_ms=423.203,throughput_Gpt_s=4.936087,max_delta=1.210403e-02,converged=0,tile=16x16,stencil_shared_kb=1.266
COMMAND ./heat_cuda --n 2048 --steps 2000 --block-x 8 --block-y 8
RESULT,mode=cuda_naive,N=2048,steps=2000,elapsed_ms=938.958,throughput_Gpt_s=8.916513,max_delta=1.210403e-02,converged=0,block=8x8
COMMAND ./heat_cuda_tile --n 2048 --steps 2000 --tile-x 16 --tile-y 16
RESULT,mode=cuda_shared,N=2048,steps=2000,elapsed_ms=1643.056,throughput_Gpt_s=5.095524,max_delta=1.210403e-02,converged=0,tile=16x16,stencil_shared_kb=1.266
COMMAND ./heat_cuda --n 4096 --steps 2000 --block-x 8 --block-y 8
RESULT,mode=cuda_naive,N=4096,steps=2000,elapsed_ms=3643.842,throughput_Gpt_s=9.199540,max_delta=1.210403e-02,converged=0,block=8x8
COMMAND ./heat_cuda_tile --n 4096 --steps 2000 --tile-x 16 --tile-y 16
RESULT,mode=cuda_shared,N=4096,steps=2000,elapsed_ms=6494.392,throughput_Gpt_s=5.161633,max_delta=1.210403e-02,converged=0,tile=16x16,stencil_shared_kb=1.266
COMMAND ./heat_cuda --n 256 --steps 2000 --block-x 16 --block-y 16
RESULT,mode=cuda_naive,N=256,steps=2000,elapsed_ms=18.224,throughput_Gpt_s=7.080250,max_delta=1.210022e-02,converged=0,block=16x16
COMMAND ./heat_cuda --n 512 --steps 2000 --block-x 16 --block-y 16
RESULT,mode=cuda_naive,N=512,steps=2000,elapsed_ms=49.298,throughput_Gpt_s=10.552054,max_delta=1.210403e-02,converged=0,block=16x16
COMMAND ./heat_cuda --n 2048 --steps 2000 --block-x 16 --block-y 16
RESULT,mode=cuda_naive,N=2048,steps=2000,elapsed_ms=585.159,throughput_Gpt_s=14.307614,max_delta=1.210403e-02,converged=0,block=16x16
COMMAND ./heat_cuda --n 4096 --steps 2000 --block-x 16 --block-y 16
RESULT,mode=cuda_naive,N=4096,steps=2000,elapsed_ms=2272.114,throughput_Gpt_s=14.753514,max_delta=1.210403e-02,converged=0,block=16x16
